// Jest Snapshot v1, https://goo.gl/fbAQLP

exports[`test linked list add 1`] = `"{\\"head\\":{\\"data\\":10,\\"next\\":{\\"data\\":20,\\"next\\":{\\"data\\":30,\\"next\\":{\\"data\\":40,\\"next\\":null}}}},\\"size\\":4}"`;

exports[`test linked list reverse 1`] = `"{\\"head\\":{\\"data\\":40,\\"next\\":{\\"data\\":30,\\"next\\":{\\"data\\":20,\\"next\\":{\\"data\\":10,\\"next\\":null}}}},\\"size\\":4}"`;
